runjob[job-852230]: launching (mem=12G cpu=8, no GPU)
Running as unit: rj-job-852230-852230.service; invocation ID: 3a1d184338184c4ebfa3ae21725bdfa2
+ set -euo pipefail
++ dirname scripts/run_h4_final_acceptance.sh
+ cd scripts/..
++ sha256sum scripts/altdata_privilege_gate.py
++ cut '-d ' -f1
+ test db74a7b801c85e01e9d376fe13f6d992c10f9e57a979dd3a9b2830c084a1b406 = db74a7b801c85e01e9d376fe13f6d992c10f9e57a979dd3a9b2830c084a1b406
+ docker compose build api worker beat
time="2026-08-13T14:21:31+01:00" level=warning msg="Docker Compose is configured to build using Bake, but buildx isn't installed"
#0 building with "default" instance using docker driver

#1 [worker internal] load build definition from Dockerfile
#1 transferring dockerfile: 691B done
#1 DONE 0.0s

#2 [beat internal] load build definition from Dockerfile
#2 transferring dockerfile: 691B done
#2 DONE 0.0s

#3 [api internal] load build definition from Dockerfile
#3 transferring dockerfile: 818B done
#3 DONE 0.0s

#4 [api internal] load metadata for docker.io/library/python:3.12-slim
#4 DONE 0.8s

#5 [beat internal] load .dockerignore
#5 transferring context: 226B done
#5 DONE 0.0s

#6 [worker internal] load .dockerignore
#6 transferring context: 226B done
#6 DONE 0.0s

#7 [api internal] load .dockerignore
#7 transferring context: 226B done
#7 DONE 0.0s

#8 [beat 1/7] FROM docker.io/library/python:3.12-slim@sha256:229a2c5bfa27522db7815ea81f9bed70af17ccb9de9fc7ad142b1877b5830d36
#8 resolve docker.io/library/python:3.12-slim@sha256:229a2c5bfa27522db7815ea81f9bed70af17ccb9de9fc7ad142b1877b5830d36 0.0s done
#8 DONE 0.0s

#9 [worker internal] load build context
#9 ...

#10 [api internal] load build context
#10 transferring context: 6.38MB 2.2s done
#10 DONE 2.4s

#9 [worker internal] load build context
#9 transferring context: 6.38MB 2.2s done
#9 DONE 2.4s

#11 [beat internal] load build context
#11 transferring context: 6.38MB 2.2s done
#11 DONE 2.4s

#12 [api 3/7] RUN apt-get update && apt-get install -y --no-install-recommends     build-essential     curl   && rm -rf /var/lib/apt/lists/*
#12 CACHED

#13 [api 4/7] COPY backend/requirements.txt /app/backend/requirements.txt
#13 CACHED

#14 [api 5/7] RUN pip install --no-cache-dir -r /app/backend/requirements.txt
#14 CACHED

#15 [worker 4/7] COPY backend/requirements.txt /app/backend/requirements.txt
#15 CACHED

#16 [worker 3/7] RUN apt-get update && apt-get install -y --no-install-recommends     build-essential     git   && rm -rf /var/lib/apt/lists/*
#16 CACHED

#17 [worker 2/7] WORKDIR /app
#17 CACHED

#18 [worker 5/7] RUN pip install --no-cache-dir -r /app/backend/requirements.txt
#18 CACHED

#19 [beat 6/7] COPY . /app
#19 ...

#20 [api 6/7] COPY . /app
#20 ...

#19 [beat 6/7] COPY . /app
#19 DONE 33.5s

#20 [api 6/7] COPY . /app
#20 DONE 33.6s

#21 [beat 7/7] RUN sed -i 's/\r$//' /app/backend/docker-entrypoint.sh && chmod +x /app/backend/docker-entrypoint.sh
#21 DONE 1.1s

#22 [api 7/7] RUN sed -i 's/\r$//' /app/backend/docker-entrypoint.sh && chmod +x /app/backend/docker-entrypoint.sh
#22 DONE 1.1s

#23 [api] exporting to image
#23 exporting layers
#23 ...

#24 [worker] exporting to image
#24 ...

#25 [beat] exporting to image
#25 ...

#23 [api] exporting to image
#23 exporting layers 86.3s done
#23 exporting manifest sha256:dfc77a28a2c4368572873569d2e59e6cbf3dfc2369bd727d83637189a3550d71 done
#23 exporting config sha256:d34daa50f1f654a46989619fba195427d7a422ee43a67c24fcd1f2d8a298efcd done
#23 exporting attestation manifest sha256:7967d52c9303391392d2c2eb28b6eb1d35ca8e49a02dfdcd6416b2832842c545 done
#23 exporting manifest list sha256:817bb45431f886faccbdef8d3f01520f49caa30c9552b6c349c18e6fb702ff79 done
#23 naming to docker.io/library/ib_bot-api:latest done
#23 unpacking to docker.io/library/ib_bot-api:latest
#23 ...

#24 [worker] exporting to image
#24 exporting layers 86.7s done
#24 exporting manifest sha256:288a6b3c3b8a1d4a58b9e26f93c7c87017450943ea3b1f116f07cb9f9a2f0b4b done
#24 exporting config sha256:8b3654487f9b61c7bf605af38eb2ade0e31ccaba3c36f70d8beb211ff3531309 done
#24 exporting attestation manifest sha256:5c36183441b97491af99f4b8383d0b7a3a2ab369ab6a88560a0779fd61df8b4a 0.0s done
#24 exporting manifest list sha256:d74367d5eac0f11bf242e4c60f28269524c00e60ef1cf75a2a133503138ed423 done
#24 naming to docker.io/library/ib_bot-worker:latest done
#24 unpacking to docker.io/library/ib_bot-worker:latest
#24 ...

#25 [beat] exporting to image
#25 exporting layers 86.7s done
#25 exporting manifest sha256:dba4ca59fb0ebf8afe794207cee85f99224748f425bb2bfacb8c43a63c4de027 done
#25 exporting config sha256:6fd4e38a23487e862ab7e60939b30aca2673efcd27152ab2dcb34f601e60a8d2 done
#25 exporting attestation manifest sha256:2d3c336fe7130f741b7ad7275bf50360f1be148a98c1607a4a64509effc34d57 0.0s done
#25 exporting manifest list sha256:11c8b44db074074a07a3837ab5d752c3b621a986bb16f23f5575c267fedfd427 done
#25 naming to docker.io/library/ib_bot-beat:latest done
#25 unpacking to docker.io/library/ib_bot-beat:latest
#25 ...

#23 [api] exporting to image
#23 unpacking to docker.io/library/ib_bot-api:latest 14.8s done
#23 DONE 101.1s

#26 [api] resolving provenance for metadata file
#26 DONE 0.0s

#24 [worker] exporting to image
#24 unpacking to docker.io/library/ib_bot-worker:latest 14.8s done
#24 DONE 101.6s

#25 [beat] exporting to image
#25 unpacking to docker.io/library/ib_bot-beat:latest 14.8s done
#25 DONE 101.6s

#27 [worker] resolving provenance for metadata file
#27 DONE 0.0s

#28 [beat] resolving provenance for metadata file
#28 DONE 0.0s
 api  Built
 beat  Built
 worker  Built
+ docker compose run --rm --no-deps -e DATABASE_URL=postgresql+psycopg://ibbot:ibbot@db:5432/ibbot api alembic -c backend/alembic.ini upgrade head
DB ready
Redis ready
Running migrations...
INFO  [alembic.runtime.migration] Context impl PostgresqlImpl.
INFO  [alembic.runtime.migration] Will assume transactional DDL.
Starting: alembic -c backend/alembic.ini upgrade head
INFO  [alembic.runtime.migration] Context impl PostgresqlImpl.
INFO  [alembic.runtime.migration] Will assume transactional DDL.
+ docker compose up -d --no-deps api
 Container ib_bot-api-1  Recreate
 Container ib_bot-api-1  Recreated
 Container ib_bot-api-1  Starting
 Container ib_bot-api-1  Started
+ sleep 5
+ docker compose up -d --no-deps worker
 Container ib_bot-worker-1  Recreate
 Container ib_bot-worker-1  Recreated
 Container ib_bot-worker-1  Starting
 Container ib_bot-worker-1  Started
+ sleep 5
+ docker compose up -d --no-deps beat
 Container ib_bot-beat-1  Recreate
 Container ib_bot-beat-1  Recreated
 Container ib_bot-beat-1  Starting
 Container ib_bot-beat-1  Started
+ sleep 5
+ python3 scripts/altdata_privilege_gate.py
[gate] credential under test comes from ib_bot-api-1, ib_bot-worker-1, ib_bot-beat-1
[gate] role=ibbot_app db=ibbot
[attr] superuser=False bypassrls=False createrole=False createdb=False
[own] altdata_snapshot_corrections owner=ibbot_altdata_owner
[own] altdata_snapshots owner=ibbot_altdata_owner
[neg] forged-capability-update: REJECTED :: psql:<stdin>:9: ERROR:  permission denied for table altdata_snapshot_corrections
[neg] session-replication-role-bypass: REJECTED :: psql:<stdin>:3: ERROR:  permission denied to set parameter "session_replication_role"
[neg] disable-trigger-bypass: REJECTED :: psql:<stdin>:3: ERROR:  must be owner of table altdata_snapshots
[neg] raw-update: REJECTED :: psql:<stdin>:2: ERROR:  permission denied for table altdata_snapshots
[neg] raw-delete: REJECTED :: psql:<stdin>:2: ERROR:  permission denied for table altdata_snapshots
[neg] correction-ledger-insert: REJECTED :: psql:<stdin>:9: ERROR:  permission denied for table altdata_snapshot_corrections
[pos] collector-append: OK :: 
[pos] read-snapshots: OK :: 
[pos] read-corrections: OK :: 

GATE PASS: the live service credential cannot rewrite a vintage, and the collector still appends.
+ docker compose exec -T worker python /app/scripts/verify_altdata_chain.py --extend --negative-test --manifest /app/reports/altdata_chain_manifest.json --report /app/reports/altdata_chain_verify.json
{
  "baseline_top_manifest_hash": "f173ec53623d160e18660e744266453c9b5eb56934d3edc143d569b9c0abfe6e",
  "chained_valid_days": 32,
  "days": [
    {
      "actual_manifest_hash": "09f3d0cc89cff09ee2edd5e258b606cad42e3fe2e2a9b3afd57f47746f171eb9",
      "as_of_date": "2026-07-13",
      "expected_manifest_hash": "09f3d0cc89cff09ee2edd5e258b606cad42e3fe2e2a9b3afd57f47746f171eb9",
      "source_hashes_ok": true,
      "valid": true
    },
    {
      "actual_manifest_hash": "722d12d190504f7c91a25d0009211c276649487fb1fbe61d17c56f1fc4393a2c",
      "as_of_date": "2026-07-14",
      "expected_manifest_hash": "722d12d190504f7c91a25d0009211c276649487fb1fbe61d17c56f1fc4393a2c",
      "source_hashes_ok": true,
      "valid": true
    },
    {
      "actual_manifest_hash": "555dc43fa586183c5235c4f5bd79623bbe84f0e35b82c314fbb228db5bdbba47",
      "as_of_date": "2026-07-15",
      "expected_manifest_hash": "555dc43fa586183c5235c4f5bd79623bbe84f0e35b82c314fbb228db5bdbba47",
      "source_hashes_ok": true,
      "valid": true
    },
    {
      "actual_manifest_hash": "b2384c35e5ff351068ee27f117e63dd8625f45fe1fadfc0b8cbbda1f4124b828",
      "as_of_date": "2026-07-16",
      "expected_manifest_hash": "b2384c35e5ff351068ee27f117e63dd8625f45fe1fadfc0b8cbbda1f4124b828",
      "source_hashes_ok": true,
      "valid": true
    },
    {
      "actual_manifest_hash": "c3310f125359cf331efafb809c1c0165dfae865bab9c98d1cc0e3b27bbbf942d",
      "as_of_date": "2026-07-17",
      "expected_manifest_hash": "c3310f125359cf331efafb809c1c0165dfae865bab9c98d1cc0e3b27bbbf942d",
      "source_hashes_ok": true,
      "valid": true
    },
    {
      "actual_manifest_hash": "8b56f7c3b691de22d899110bdf6a7d6af43066574fbd33df3691497b501c3e10",
      "as_of_date": "2026-07-18",
      "expected_manifest_hash": "8b56f7c3b691de22d899110bdf6a7d6af43066574fbd33df3691497b501c3e10",
      "source_hashes_ok": true,
      "valid": true
    },
    {
      "actual_manifest_hash": "d1d0835b8a85cbf6985674d9ef0c236c1e23abb54b06def77652b5483c07006b",
      "as_of_date": "2026-07-19",
      "expected_manifest_hash": "d1d0835b8a85cbf6985674d9ef0c236c1e23abb54b06def77652b5483c07006b",
      "source_hashes_ok": true,
      "valid": true
    },
    {
      "actual_manifest_hash": "6b8d0a2b3f6fbc6a032a8aae2955349695c65905543b9a9f3ca29d385f716395",
      "as_of_date": "2026-07-20",
      "expected_manifest_hash": "6b8d0a2b3f6fbc6a032a8aae2955349695c65905543b9a9f3ca29d385f716395",
      "source_hashes_ok": true,
      "valid": true
    },
    {
      "actual_manifest_hash": "317937e14bc3e0e4c387c323651d6a864e4bf80ac3235aa1f8ef5f0e5071f954",
      "as_of_date": "2026-07-21",
      "expected_manifest_hash": "317937e14bc3e0e4c387c323651d6a864e4bf80ac3235aa1f8ef5f0e5071f954",
      "source_hashes_ok": true,
      "valid": true
    },
    {
      "actual_manifest_hash": "ca746b994c96df43f66c8bd0759577cce96a15daaed57f6db0f8290e601bae15",
      "as_of_date": "2026-07-22",
      "expected_manifest_hash": "ca746b994c96df43f66c8bd0759577cce96a15daaed57f6db0f8290e601bae15",
      "source_hashes_ok": true,
      "valid": true
    },
    {
      "actual_manifest_hash": "7e6807cd17766cbf6d534ea648efb1ecf2dfd7554678b4621103bf4bba67fa02",
      "as_of_date": "2026-07-23",
      "expected_manifest_hash": "7e6807cd17766cbf6d534ea648efb1ecf2dfd7554678b4621103bf4bba67fa02",
      "source_hashes_ok": true,
      "valid": true
    },
    {
      "actual_manifest_hash": "bf24a1db24adcf0078280b08fa9b1e73c77288629c74e79f5686deafbb5588fa",
      "as_of_date": "2026-07-24",
      "expected_manifest_hash": "bf24a1db24adcf0078280b08fa9b1e73c77288629c74e79f5686deafbb5588fa",
      "source_hashes_ok": true,
      "valid": true
    },
    {
      "actual_manifest_hash": "d2e5ae8a3abefed2555d056071cf19072c3c432e170ef0be07c182de9d5d2fd0",
      "as_of_date": "2026-07-25",
      "expected_manifest_hash": "d2e5ae8a3abefed2555d056071cf19072c3c432e170ef0be07c182de9d5d2fd0",
      "source_hashes_ok": true,
      "valid": true
    },
    {
      "actual_manifest_hash": "4c079551d5822beb211449677ce43ce4c1c26d54d3199c7e1bdf8ad6eaff9b4f",
      "as_of_date": "2026-07-26",
      "expected_manifest_hash": "4c079551d5822beb211449677ce43ce4c1c26d54d3199c7e1bdf8ad6eaff9b4f",
      "source_hashes_ok": true,
      "valid": true
    },
    {
      "actual_manifest_hash": "14c875459c2bcbd7f7938e68e790d007e55ba2ae56f9077b47c922b9b5d5f525",
      "as_of_date": "2026-07-27",
      "expected_manifest_hash": "14c875459c2bcbd7f7938e68e790d007e55ba2ae56f9077b47c922b9b5d5f525",
      "source_hashes_ok": true,
      "valid": true
    },
    {
      "actual_manifest_hash": "932790a48fb3cd1644f626b99377d8ffa47ab1382a0a50c9951393613a4830cd",
      "as_of_date": "2026-07-28",
      "expected_manifest_hash": "932790a48fb3cd1644f626b99377d8ffa47ab1382a0a50c9951393613a4830cd",
      "source_hashes_ok": true,
      "valid": true
    },
    {
      "actual_manifest_hash": "f7aeafeea1f6124392ab7f5f6e16dd08e1597ec5bd1e8358ed71f89461e056fd",
      "as_of_date": "2026-07-29",
      "expected_manifest_hash": "f7aeafeea1f6124392ab7f5f6e16dd08e1597ec5bd1e8358ed71f89461e056fd",
      "source_hashes_ok": true,
      "valid": true
    },
    {
      "actual_manifest_hash": "ec26b9795e088b5e4369cf45a75f633bb05b0f23a3afaf552cedb0807f4f697d",
      "as_of_date": "2026-07-30",
      "expected_manifest_hash": "ec26b9795e088b5e4369cf45a75f633bb05b0f23a3afaf552cedb0807f4f697d",
      "source_hashes_ok": true,
      "valid": true
    },
    {
      "actual_manifest_hash": "9dd299de621dba97b741241859310833d9f591635fdfbaa27e1706e84d60af0e",
      "as_of_date": "2026-07-31",
      "expected_manifest_hash": "9dd299de621dba97b741241859310833d9f591635fdfbaa27e1706e84d60af0e",
      "source_hashes_ok": true,
      "valid": true
    },
    {
      "actual_manifest_hash": "eb98237bdb5407039dead48e710740d6140449ae2bc0e4d347ceb57df336fc18",
      "as_of_date": "2026-08-01",
      "expected_manifest_hash": "eb98237bdb5407039dead48e710740d6140449ae2bc0e4d347ceb57df336fc18",
      "source_hashes_ok": true,
      "valid": true
    },
    {
      "actual_manifest_hash": "11cfaaea0aee28a9f8eb6f43ab3d3975d8d78ea0c5d4c3d15112ba21bb9528ee",
      "as_of_date": "2026-08-02",
      "expected_manifest_hash": "11cfaaea0aee28a9f8eb6f43ab3d3975d8d78ea0c5d4c3d15112ba21bb9528ee",
      "source_hashes_ok": true,
      "valid": true
    },
    {
      "actual_manifest_hash": "f6d8f0f4663b81cc39d384db36c03976ab92e51e5e4385f38aba7af496fabc00",
      "as_of_date": "2026-08-03",
      "expected_manifest_hash": "f6d8f0f4663b81cc39d384db36c03976ab92e51e5e4385f38aba7af496fabc00",
      "source_hashes_ok": true,
      "valid": true
    },
    {
      "actual_manifest_hash": "afb77eec943cda0d62362a9d65be74c5938d9a644caf8afb0f20653d0a81b3f2",
      "as_of_date": "2026-08-04",
      "expected_manifest_hash": "afb77eec943cda0d62362a9d65be74c5938d9a644caf8afb0f20653d0a81b3f2",
      "source_hashes_ok": true,
      "valid": true
    },
    {
      "actual_manifest_hash": "c00b193d8cd0ac0aa709ad1099f6861f90a31ad3e5adaa60fd0b264b95656e26",
      "as_of_date": "2026-08-05",
      "expected_manifest_hash": "c00b193d8cd0ac0aa709ad1099f6861f90a31ad3e5adaa60fd0b264b95656e26",
      "source_hashes_ok": true,
      "valid": true
    },
    {
      "actual_manifest_hash": "edf5cfa70b5db93011ee2c416cabed706726623e73f4d1bf932419bfa0daf8a7",
      "as_of_date": "2026-08-06",
      "expected_manifest_hash": "edf5cfa70b5db93011ee2c416cabed706726623e73f4d1bf932419bfa0daf8a7",
      "source_hashes_ok": true,
      "valid": true
    },
    {
      "actual_manifest_hash": "39a606356193f1cc0ae49c377a48dea3ded07564c0b404acc2fd66d56bbcac9a",
      "as_of_date": "2026-08-07",
      "expected_manifest_hash": "39a606356193f1cc0ae49c377a48dea3ded07564c0b404acc2fd66d56bbcac9a",
      "source_hashes_ok": true,
      "valid": true
    },
    {
      "actual_manifest_hash": "10c6ff56d41f9ddd3a17d09e5f7537b3f4e4b7fd0a5ef20e7a47cf55550b87cd",
      "as_of_date": "2026-08-08",
      "expected_manifest_hash": "10c6ff56d41f9ddd3a17d09e5f7537b3f4e4b7fd0a5ef20e7a47cf55550b87cd",
      "source_hashes_ok": true,
      "valid": true
    },
    {
      "actual_manifest_hash": "022203a7af825268965e80356ba7a6b134777e7e57cd574178b7b744fc79d59d",
      "as_of_date": "2026-08-09",
      "expected_manifest_hash": "022203a7af825268965e80356ba7a6b134777e7e57cd574178b7b744fc79d59d",
      "source_hashes_ok": true,
      "valid": true
    },
    {
      "actual_manifest_hash": "b76d2a0c02160d8538e7dfc631beaa9744c98a5283eb48aa682561d9ca93f229",
      "as_of_date": "2026-08-10",
      "expected_manifest_hash": "b76d2a0c02160d8538e7dfc631beaa9744c98a5283eb48aa682561d9ca93f229",
      "source_hashes_ok": true,
      "valid": true
    },
    {
      "actual_manifest_hash": "1143778e2eb9a2b5dff56eb09a52e63c21c81cca58e366a178ddc6fad9b0346c",
      "as_of_date": "2026-08-11",
      "expected_manifest_hash": "1143778e2eb9a2b5dff56eb09a52e63c21c81cca58e366a178ddc6fad9b0346c",
      "source_hashes_ok": true,
      "valid": true
    },
    {
      "actual_manifest_hash": "18db25f55a60201e0002fac06bc559cae0afa5cc3c6d362085b165edba323dcb",
      "as_of_date": "2026-08-12",
      "expected_manifest_hash": "18db25f55a60201e0002fac06bc559cae0afa5cc3c6d362085b165edba323dcb",
      "source_hashes_ok": true,
      "valid": true
    },
    {
      "actual_manifest_hash": "f173ec53623d160e18660e744266453c9b5eb56934d3edc143d569b9c0abfe6e",
      "as_of_date": "2026-08-13",
      "expected_manifest_hash": "f173ec53623d160e18660e744266453c9b5eb56934d3edc143d569b9c0abfe6e",
      "source_hashes_ok": true,
      "valid": true
    }
  ],
  "invalid_days": [],
  "negative_test": {
    "detected": true,
    "expected_invalid_days": [
      "2026-07-29",
      "2026-07-30",
      "2026-07-31",
      "2026-08-01",
      "2026-08-02",
      "2026-08-03",
      "2026-08-04",
      "2026-08-05",
      "2026-08-06",
      "2026-08-07",
      "2026-08-08",
      "2026-08-09",
      "2026-08-10",
      "2026-08-11",
      "2026-08-12",
      "2026-08-13"
    ],
    "invalid_days": [
      "2026-07-29",
      "2026-07-30",
      "2026-07-31",
      "2026-08-01",
      "2026-08-02",
      "2026-08-03",
      "2026-08-04",
      "2026-08-05",
      "2026-08-06",
      "2026-08-07",
      "2026-08-08",
      "2026-08-09",
      "2026-08-10",
      "2026-08-11",
      "2026-08-12",
      "2026-08-13"
    ],
    "target_day": "2026-07-29"
  },
  "negative_test_detected": true,
  "schema_version": 1,
  "top_manifest_hash": "f173ec53623d160e18660e744266453c9b5eb56934d3edc143d569b9c0abfe6e",
  "total_days": 32,
  "verified_at_utc": "2026-08-13T13:24:56.093940+00:00"
}
+ jq -e '.total_days>=30 and .chained_valid_days==.total_days and .negative_test_detected==true' reports/altdata_chain_verify.json
++ date -u +%FT%TZ
+ printf '0 %s\n' 2026-08-13T13:24:56Z
Finished with result: success
Main processes terminated with: code=exited/status=0
Service runtime: 3min 24.451s
CPU time consumed: 14.440s
Memory peak: 512.0K
Memory swap peak: 0B
runjob[job-852230]: unit=rj-job-852230-852230 systemd-run_rc=0 Result=success ExecMainStatus=0
